 Entering Link 1 = E:\g09w\l1.exe PID=     19040.
  
 Copyright (c) 1988,1990,1992,1993,1995,1998,2003,2009, Gaussian, Inc.
                  All Rights Reserved.
  
 This is part of the Gaussian(R) 09 program.  It is based on
 the Gaussian(R) 03 system (copyright 2003, Gaussian, Inc.),
 the Gaussian(R) 98 system (copyright 1998, Gaussian, Inc.),
 the Gaussian(R) 94 system (copyright 1995, Gaussian, Inc.),
 the Gaussian 92(TM) system (copyright 1992, Gaussian, Inc.),
 the Gaussian 90(TM) system (copyright 1990, Gaussian, Inc.),
 the Gaussian 88(TM) system (copyright 1988, Gaussian, Inc.),
 the Gaussian 86(TM) system (copyright 1986, Carnegie Mellon
 University), and the Gaussian 82(TM) system (copyright 1983,
 Carnegie Mellon University). Gaussian is a federally registered
 trademark of Gaussian, Inc.
  
 This software contains proprietary and confidential information,
 including trade secrets, belonging to Gaussian, Inc.
  
 This software is provided under written license and may be
 used, copied, transmitted, or stored only in accord with that
 written license.
  
 The following legend is applicable only to US Government
 contracts under FAR:
  
                    RESTRICTED RIGHTS LEGEND
  
 Use, reproduction and disclosure by the US Government is
 subject to restrictions as set forth in subparagraphs (a)
 and (c) of the Commercial Computer Software - Restricted
 Rights clause in FAR 52.227-19.
  
 Gaussian, Inc.
 340 Quinnipiac St., Bldg. 40, Wallingford CT 06492
  
  
 ---------------------------------------------------------------
 Warning -- This program may not be used in any manner that
 competes with the business of Gaussian, Inc. or will provide
 assistance to any competitor of Gaussian, Inc.  The licensee
 of this program is prohibited from giving any competitor of
 Gaussian, Inc. access to this program.  By using this program,
 the user acknowledges that Gaussian, Inc. is engaged in the
 business of creating and licensing software in the field of
 computational chemistry and represents and warrants to the
 licensee that it is not a competitor of Gaussian, Inc. and that
 it will not use this program in any manner prohibited above.
 ---------------------------------------------------------------
  

 Cite this work as:
 Gaussian 09, Revision A.02,
 M. J. Frisch, G. W. Trucks, H. B. Schlegel, G. E. Scuseria, 
 M. A. Robb, J. R. Cheeseman, G. Scalmani, V. Barone, B. Mennucci, 
 G. A. Petersson, H. Nakatsuji, M. Caricato, X. Li, H. P. Hratchian, 
 A. F. Izmaylov, J. Bloino, G. Zheng, J. L. Sonnenberg, M. Hada, 
 M. Ehara, K. Toyota, R. Fukuda, J. Hasegawa, M. Ishida, T. Nakajima, 
 Y. Honda, O. Kitao, H. Nakai, T. Vreven, J. A. Montgomery, Jr., 
 J. E. Peralta, F. Ogliaro, M. Bearpark, J. J. Heyd, E. Brothers, 
 K. N. Kudin, V. N. Staroverov, R. Kobayashi, J. Normand, 
 K. Raghavachari, A. Rendell, J. C. Burant, S. S. Iyengar, J. Tomasi, 
 M. Cossi, N. Rega, J. M. Millam, M. Klene, J. E. Knox, J. B. Cross, 
 V. Bakken, C. Adamo, J. Jaramillo, R. Gomperts, R. E. Stratmann, 
 O. Yazyev, A. J. Austin, R. Cammi, C. Pomelli, J. W. Ochterski, 
 R. L. Martin, K. Morokuma, V. G. Zakrzewski, G. A. Voth, 
 P. Salvador, J. J. Dannenberg, S. Dapprich, A. D. Daniels, 
 O. Farkas, J. B. Foresman, J. V. Ortiz, J. Cioslowski, 
 and D. J. Fox, Gaussian, Inc., Wallingford CT, 2009.
 
 ******************************************
 Gaussian 09:  IA32W-G09RevA.02 11-Jun-2009
                27-Dec-2019 
 ******************************************
 %chk=CH4.chk
 -------------------------------------------------------
 #p geom=connectivity output=wfn cc-pVDZ sPL IOp(5/33=1)
 -------------------------------------------------------
 1/38=1,57=2/1;
 2/12=2,17=6,18=5,40=1/2;
 3/5=16,11=2,16=1,25=1,30=1,74=203/1,2,3;
 4//1;
 5/5=2,33=1,38=5/2;
 6/7=2,8=2,9=2,10=2,28=1/1;
 99/5=1,6=100,9=1/99;
 Leave Link    1 at Fri Dec 27 22:06:40 2019, MaxMem=          0 cpu:       0.0
 (Enter E:\g09w\l101.exe)
 -----------------
 CH4-KSDFT-cc-pVDZ
 -----------------
 Symbolic Z-matrix:
 Charge =  0 Multiplicity = 1
 C                    -0.4978    0.30015   0. 
 H                    -0.14115  -0.70866   0. 
 H                    -0.14113   0.80454   0.87365 
 H                    -0.14113   0.80454  -0.87365 
 H                    -1.5678    0.30016   0. 
 
 NAtoms=      5 NQM=      5 NQMF=      0 NMic=      0 NMicF=      0 NTot=      5.
                    Isotopes and Nuclear Properties:
 (Nuclear quadrupole moments (NQMom) in fm**2, nuclear magnetic moments (NMagM)
  in nuclear magnetons)

  Atom         1           2           3           4           5
 IAtWgt=          12           1           1           1           1
 AtmWgt=  12.0000000   1.0078250   1.0078250   1.0078250   1.0078250
 NucSpn=           0           1           1           1           1
 AtZEff=   0.0000000   0.0000000   0.0000000   0.0000000   0.0000000
 NQMom=    0.0000000   0.0000000   0.0000000   0.0000000   0.0000000
 NMagM=    0.0000000   2.7928460   2.7928460   2.7928460   2.7928460
 Leave Link  101 at Fri Dec 27 22:06:41 2019, MaxMem=   33554432 cpu:       0.0
 (Enter E:\g09w\l202.exe)
                          Input orientation:                          
 ---------------------------------------------------------------------
 Center     Atomic      Atomic             Coordinates (Angstroms)
 Number     Number       Type             X           Y           Z
 ---------------------------------------------------------------------
      1          6           0       -0.497804    0.300146    0.000000
      2          1           0       -0.141149   -0.708664    0.000000
      3          1           0       -0.141131    0.804545    0.873652
      4          1           0       -0.141131    0.804545   -0.873652
      5          1           0       -1.567804    0.300160    0.000000
 ---------------------------------------------------------------------
                    Distance matrix (angstroms):
                    1          2          3          4          5
     1  C    0.000000
     2  H    1.070000   0.000000
     3  H    1.070000   1.747302   0.000000
     4  H    1.070000   1.747302   1.747303   0.000000
     5  H    1.070000   1.747303   1.747303   1.747303   0.000000
 Stoichiometry    CH4
 Framework group  T[O(C),4C3(H)]
 Deg. of freedom     1
 Full point group                 T       NOp  12
 Largest Abelian subgroup         D2      NOp   4
 Largest concise Abelian subgroup D2      NOp   4
                         Standard orientation:                         
 ---------------------------------------------------------------------
 Center     Atomic      Atomic             Coordinates (Angstroms)
 Number     Number       Type             X           Y           Z
 ---------------------------------------------------------------------
      1          6           0        0.000000    0.000000    0.000000
      2          1           0        0.617765    0.617765    0.617765
      3          1           0       -0.617765   -0.617765    0.617765
      4          1           0       -0.617765    0.617765   -0.617765
      5          1           0        0.617765   -0.617765   -0.617765
 ---------------------------------------------------------------------
 Rotational constants (GHZ):    164.2463785    164.2463785    164.2463785
 Leave Link  202 at Fri Dec 27 22:06:41 2019, MaxMem=   33554432 cpu:       0.0
 (Enter E:\g09w\l301.exe)
 Standard basis: CC-pVDZ (5D, 7F)
 Ernie: Thresh=  0.10000D-02 Tol=  0.10000D-05 Strict=F.
 Ernie:  2 primitive shells out of 42 were deleted.
 There are    10 symmetry adapted basis functions of A   symmetry.
 There are     8 symmetry adapted basis functions of B1  symmetry.
 There are     8 symmetry adapted basis functions of B2  symmetry.
 There are     8 symmetry adapted basis functions of B3  symmetry.
 Integral buffers will be    262144 words long.
 Raffenetti 2 integral format.
 Two-electron integral symmetry is turned on.
    34 basis functions,    61 primitive gaussians,    35 cartesian basis functions
     5 alpha electrons        5 beta electrons
       nuclear repulsion energy        13.6865185517 Hartrees.
 IExCor=  203 DFT=T Ex=S Corr=P81 ExCW=0 ScaHFX=  0.000000
 ScaDFX=  1.000000  1.000000  1.000000  1.000000 ScalE2=  1.000000  1.000000
 IRadAn=      0 IRanWt=     -1 IRanGd=            0 ICorTp=0
 NAtoms=    5 NActive=    5 NUniq=    2 SFac= 3.00D+00 NAtFMM=   80 NAOKFM=F Big=F
 Leave Link  301 at Fri Dec 27 22:06:42 2019, MaxMem=   33554432 cpu:       0.0
 (Enter E:\g09w\l302.exe)
 NPDir=0 NMtPBC=     1 NCelOv=     1 NCel=       1 NClECP=     1 NCelD=      1
         NCelK=      1 NCelE2=     1 NClLst=     1 CellRange=     0.0.
 One-electron integrals computed using PRISM.
 One-electron integral symmetry used in STVInt
 NBasis=    34 RedAO= T  NBF=    10     8     8     8
 NBsUse=    34 1.00D-06 NBFU=    10     8     8     8
 Precomputing XC quadrature grid using
 IXCGrd= 2 IRadAn=           0 IRanWt=          -1 IRanGd=           0 AccXCQ= 1.00D-10.
 NRdTot=     308 NPtTot=       38528 NUsed=       39977 NTot=       39993
 NSgBfM=    35    35    35    35    35 NAtAll=     5     5.
 Leave Link  302 at Fri Dec 27 22:06:43 2019, MaxMem=   33554432 cpu:       1.0
 (Enter E:\g09w\l303.exe)
 DipDrv:  MaxL=1.
 Leave Link  303 at Fri Dec 27 22:06:43 2019, MaxMem=   33554432 cpu:       0.0
 (Enter E:\g09w\l401.exe)
 Harris functional with IExCor=  203 diagonalized for initial guess.
 ExpMin= 1.22D-01 ExpMax= 6.67D+03 ExpMxC= 2.28D+02 IAcc=1 IRadAn=         1 AccDes= 0.00D+00
 HarFok:  IExCor=  203 AccDes= 0.00D+00 IRadAn=         1 IDoV= 1
 ScaDFX=  1.000000  1.000000  1.000000  1.000000
 FoFCou: FMM=F IPFlag=           0 FMFlag=      100000 FMFlg1=           0
         NFxFlg=           0 DoJE=T BraDBF=F KetDBF=T FulRan=T
         Omega=  0.000000  0.000000  1.000000  0.000000  0.000000 ICntrl=     500 IOpCl=  0
         NMat0=    1 NMatS0=    1 NMatT0=    0 NMatD0=    1 NMtDS0=    0 NMtDT0=    0
         I1Cent=           4 NGrid=           0.
 Petite list used in FoFCou.
 Harris En= -40.1848856786747    
 Initial guess orbital symmetries:
       Occupied  (A) (A) (T) (T) (T)
       Virtual   (A) (T) (T) (T) (T) (T) (T) (T) (T) (T) (A) (E)
                 (E) (A) (T) (T) (T) (T) (T) (T) (T) (T) (T) (E)
                 (E) (T) (T) (T) (A)
 The electronic state of the initial guess is 1-A.
 Leave Link  401 at Fri Dec 27 22:06:44 2019, MaxMem=   33554432 cpu:       0.0
 (Enter E:\g09w\l502.exe)
 A Direct SCF calculation will be performed.
 Pruned (  75, 302) grid will be used in CalDFT.
 Closed shell SCF:
 Requested convergence on RMS density matrix=1.00D-08 within 128 cycles.
 Requested convergence on MAX density matrix=1.00D-06.
 Requested convergence on             energy=1.00D-06.
 No special actions if energy rises.
 Using DIIS extrapolation, IDIIS=  1040.
 Integral symmetry usage will be decided dynamically.
 ReadGW:  IGet=1 IStart=        4494 Next=       44418 LGW=       39924.
        39924 words used for storage of precomputed grid.
 Pruned (  75, 302) grid will be used in CalDFT.
 NBasis=       34 NAllTT=      630 NAllSq=     1225 NWIIB=         0
 INEq=         15 LenNEq=       68 IIJ=         578 ID=          649
 IDD=        1874 IDA=         649 IDB=        1279 IF=         2428
 IFF=        3653 IFA=        2428 IFB=        3058 IScr2=      4207
 IV=        44418 IBuf2E=    44418 IMin1=     62318 IMin=      62318
 IEnd=      62318 IOpCl=         0
 Keep J ints in memory in canonical form, NReq=1116532.
 IEnd=       62318 IEndB=       62318 NGot=    33554432 MDV=    33311222
 LenX=    33311222 LenY=    33309556
 Symmetry not used in FoFDir.
 MinBra= 0 MaxBra= 2 Meth= 1.
 IRaf=       0 NMat=   1 IRICut=       1 DoRegI=T DoRafI=F ISym2E= 0 JSym2E=0.
 PrsmSu:  NPrtUS=   1 ThrOK=F IAlg=1
 PRISM was handed    33294897 working-precision words and   171 shell-pairs
 IPart=  0 NShTot=       14706 NBatch=         260 AvBLen=        56.6
 Selected VarAcc= 4.
 Integral accuracy reduced to 1.0D-05 until final iterations.

 Cycle   1  Pass 0  IDiag  1:
 One-electron energy=-0.820038698890D+02
 1/2 <PJ(P)>=          35.065255520806
 Calling FoFDFT with Acc= 0.00D+00 ICntrl=  400011 IRadAn=       1.
 Ex=          -6.128380154180 Ec=          -0.605237920077
 1/2 <PJ(P)> + E(ex) + E(corr)=          28.331637446550
 E= -39.9857138908090    
 DIIS: error= 7.28D-02 at cycle   1 NSaved=   1.
 NSaved= 1 IEnMin= 1 EnMin= -39.9857138908090     IErMin= 1 ErrMin= 7.28D-02
 ErrMax= 7.28D-02 EMaxC= 1.00D-01 BMatC= 9.51D-02 BMatP= 9.51D-02
 IDIUse=3 WtCom= 2.72D-01 WtEn= 7.28D-01
 Coeff-Com:  0.100D+01
 Coeff-En:   0.100D+01
 Coeff:      0.100D+01
 Gap=     0.305 Goal=   None    Shift=    0.000
 GapD=    0.305 DampG=1.000 DampE=0.500 DampFc=0.5000 IDamp=-1.
 Damping current iteration by 5.00D-01
 RMSDP=1.80D-02 MaxDP=1.74D-01              OVMax= 2.42D-01

 Cycle   2  Pass 0  IDiag  1:
 One-electron energy=-0.798003518058D+02
 1/2 <PJ(P)>=          32.531916172333
 Calling FoFDFT with Acc= 0.00D+00 ICntrl=  100011 IRadAn=       1.
 Ex=          -5.850128586594 Ec=          -0.589083479636
 1/2 <PJ(P)> + E(ex) + E(corr)=          26.092704106104
 E= -40.0211291480645     Delta-E=       -0.035415257256 Rises=F Damp=T
 DIIS: error= 1.45D-02 at cycle   2 NSaved=   2.
 NSaved= 2 IEnMin= 2 EnMin= -40.0211291480645     IErMin= 2 ErrMin= 1.45D-02
 ErrMax= 1.45D-02 EMaxC= 1.00D-01 BMatC= 5.06D-03 BMatP= 9.51D-02
 IDIUse=3 WtCom= 8.55D-01 WtEn= 1.45D-01
 Coeff-Com:  0.182D+00 0.818D+00
 Coeff-En:   0.306D+00 0.694D+00
 Coeff:      0.200D+00 0.800D+00
 Gap=     0.391 Goal=   None    Shift=    0.000
 RMSDP=2.64D-03 MaxDP=2.66D-02 DE=-3.54D-02 OVMax= 1.41D-01

 Cycle   3  Pass 0  IDiag  1:
 One-electron energy=-0.802445801411D+02
 1/2 <PJ(P)>=          32.954049525260
 Calling FoFDFT with Acc= 0.00D+00 ICntrl=  400011 IRadAn=       1.
 Ex=          -5.893658881741 Ec=          -0.591853428808
 1/2 <PJ(P)> + E(ex) + E(corr)=          26.468537214712
 E= -40.0895243747418     Delta-E=       -0.068395226677 Rises=F Damp=F
 DIIS: error= 1.61D-03 at cycle   3 NSaved=   3.
 NSaved= 3 IEnMin= 3 EnMin= -40.0895243747418     IErMin= 3 ErrMin= 1.61D-03
 ErrMax= 1.61D-03 EMaxC= 1.00D-01 BMatC= 6.06D-05 BMatP= 5.06D-03
 IDIUse=3 WtCom= 9.84D-01 WtEn= 1.61D-02
 Coeff-Com:  0.198D-01-0.205D-01 0.100D+01
 Coeff-En:   0.000D+00 0.000D+00 0.100D+01
 Coeff:      0.195D-01-0.202D-01 0.100D+01
 Gap=     0.404 Goal=   None    Shift=    0.000
 RMSDP=1.58D-04 MaxDP=2.05D-03 DE=-6.84D-02 OVMax= 1.77D-03

 Cycle   4  Pass 0  IDiag  1:
 One-electron energy=-0.802794952367D+02
 1/2 <PJ(P)>=          32.993443455687
 Calling FoFDFT with Acc= 0.00D+00 ICntrl=  400011 IRadAn=       1.
 Ex=          -5.897960714000 Ec=          -0.592084464273
 1/2 <PJ(P)> + E(ex) + E(corr)=          26.503398277413
 E= -40.0895784076141     Delta-E=       -0.000054032872 Rises=F Damp=F
 DIIS: error= 1.76D-04 at cycle   4 NSaved=   4.
 NSaved= 4 IEnMin= 4 EnMin= -40.0895784076141     IErMin= 4 ErrMin= 1.76D-04
 ErrMax= 1.76D-04 EMaxC= 1.00D-01 BMatC= 5.36D-07 BMatP= 6.06D-05
 IDIUse=3 WtCom= 9.98D-01 WtEn= 1.76D-03
 Coeff-Com:  0.324D-02-0.195D-02 0.612D-01 0.938D+00
 Coeff-En:   0.000D+00 0.000D+00 0.000D+00 0.100D+01
 Coeff:      0.323D-02-0.195D-02 0.611D-01 0.938D+00
 Gap=     0.404 Goal=   None    Shift=    0.000
 RMSDP=1.82D-05 MaxDP=1.50D-04 DE=-5.40D-05 OVMax= 2.45D-04

 Cycle   5  Pass 0  IDiag  1:
 One-electron energy=-0.802837298080D+02
 1/2 <PJ(P)>=          32.998218377812
 Calling FoFDFT with Acc= 0.00D+00 ICntrl=  400011 IRadAn=       1.
 Ex=          -5.898471451144 Ec=          -0.592114691964
 1/2 <PJ(P)> + E(ex) + E(corr)=          26.507632234704
 E= -40.0895790215801     Delta-E=       -0.000000613966 Rises=F Damp=F
 DIIS: error= 2.99D-06 at cycle   5 NSaved=   5.
 NSaved= 5 IEnMin= 5 EnMin= -40.0895790215801     IErMin= 5 ErrMin= 2.99D-06
 ErrMax= 2.99D-06 EMaxC= 1.00D-01 BMatC= 2.02D-10 BMatP= 5.36D-07
 IDIUse=1 WtCom= 1.00D+00 WtEn= 0.00D+00
 Coeff-Com: -0.923D-05 0.491D-04-0.147D-02-0.127D-01 0.101D+01
 Coeff:     -0.923D-05 0.491D-04-0.147D-02-0.127D-01 0.101D+01
 Gap=     0.404 Goal=   None    Shift=    0.000
 RMSDP=3.51D-07 MaxDP=3.67D-06 DE=-6.14D-07 OVMax= 3.25D-06

 Initial convergence to 1.0D-05 achieved.  Increase integral accuracy.
 Cycle   6  Pass 1  IDiag  1:
 One-electron energy=-0.802837921676D+02
 1/2 <PJ(P)>=          32.998288047261
 Calling FoFDFT with Acc= 0.10D-09 ICntrl=  400011 IRadAn=       4.
 Ex=          -5.898455599872 Ec=          -0.592106343322
 1/2 <PJ(P)> + E(ex) + E(corr)=          26.507726104067
 E= -40.0895475118597     Delta-E=        0.000031509720 Rises=F Damp=F
 DIIS: error= 1.10D-05 at cycle   1 NSaved=   1.
 NSaved= 1 IEnMin= 1 EnMin= -40.0895475118597     IErMin= 1 ErrMin= 1.10D-05
 ErrMax= 1.10D-05 EMaxC= 1.00D-01 BMatC= 3.82D-09 BMatP= 3.82D-09
 IDIUse=1 WtCom= 1.00D+00 WtEn= 0.00D+00
 Coeff-Com:  0.100D+01
 Coeff:      0.100D+01
 Gap=     0.404 Goal=   None    Shift=    0.000
 RMSDP=3.51D-07 MaxDP=3.67D-06 DE= 3.15D-05 OVMax= 3.69D-05

 Cycle   7  Pass 1  IDiag  1:
 One-electron energy=-0.802837727690D+02
 1/2 <PJ(P)>=          32.998289075740
 Calling FoFDFT with Acc= 0.10D-09 ICntrl=  400011 IRadAn=       4.
 Ex=          -5.898475060982 Ec=          -0.592107315575
 1/2 <PJ(P)> + E(ex) + E(corr)=          26.507706699183
 E= -40.0895475181238     Delta-E=       -0.000000006264 Rises=F Damp=F
 DIIS: error= 1.68D-06 at cycle   2 NSaved=   2.
 NSaved= 2 IEnMin= 2 EnMin= -40.0895475181238     IErMin= 2 ErrMin= 1.68D-06
 ErrMax= 1.68D-06 EMaxC= 1.00D-01 BMatC= 9.79D-11 BMatP= 3.82D-09
 IDIUse=1 WtCom= 1.00D+00 WtEn= 0.00D+00
 Coeff-Com:  0.797D-01 0.920D+00
 Coeff:      0.797D-01 0.920D+00
 Gap=     0.404 Goal=   None    Shift=    0.000
 RMSDP=4.14D-07 MaxDP=4.64D-06 DE=-6.26D-09 OVMax= 5.48D-06

 Cycle   8  Pass 1  IDiag  1:
 One-electron energy=-0.802838401003D+02
 1/2 <PJ(P)>=          32.998361170793
 Calling FoFDFT with Acc= 0.10D-09 ICntrl=  400011 IRadAn=       4.
 Ex=          -5.898479643169 Ec=          -0.592107497134
 1/2 <PJ(P)> + E(ex) + E(corr)=          26.507774030490
 E= -40.0895475181811     Delta-E=       -0.000000000057 Rises=F Damp=F
 DIIS: error= 1.80D-06 at cycle   3 NSaved=   3.
 NSaved= 3 IEnMin= 3 EnMin= -40.0895475181811     IErMin= 2 ErrMin= 1.68D-06
 ErrMax= 1.80D-06 EMaxC= 1.00D-01 BMatC= 6.71D-11 BMatP= 9.79D-11
 IDIUse=1 WtCom= 1.00D+00 WtEn= 0.00D+00
 Coeff-Com:  0.318D-01 0.461D+00 0.507D+00
 Coeff:      0.318D-01 0.461D+00 0.507D+00
 Gap=     0.404 Goal=   None    Shift=    0.000
 RMSDP=2.24D-07 MaxDP=2.52D-06 DE=-5.73D-11 OVMax= 3.04D-06

 Cycle   9  Pass 1  IDiag  1:
 One-electron energy=-0.802837850110D+02
 1/2 <PJ(P)>=          32.998299419877
 Calling FoFDFT with Acc= 0.10D-09 ICntrl=  400011 IRadAn=       4.
 Ex=          -5.898473332738 Ec=          -0.592107146101
 1/2 <PJ(P)> + E(ex) + E(corr)=          26.507718941037
 E= -40.0895475182432     Delta-E=       -0.000000000062 Rises=F Damp=F
 DIIS: error= 4.69D-07 at cycle   4 NSaved=   4.
 NSaved= 4 IEnMin= 4 EnMin= -40.0895475182432     IErMin= 4 ErrMin= 4.69D-07
 ErrMax= 4.69D-07 EMaxC= 1.00D-01 BMatC= 3.82D-12 BMatP= 6.71D-11
 IDIUse=1 WtCom= 1.00D+00 WtEn= 0.00D+00
 Coeff-Com: -0.830D-03 0.483D-01 0.215D+00 0.737D+00
 Coeff:     -0.830D-03 0.483D-01 0.215D+00 0.737D+00
 Gap=     0.404 Goal=   None    Shift=    0.000
 RMSDP=4.68D-08 MaxDP=4.67D-07 DE=-6.21D-11 OVMax= 6.65D-07

 Cycle  10  Pass 1  IDiag  1:
 One-electron energy=-0.802837968915D+02
 1/2 <PJ(P)>=          32.998312899538
 Calling FoFDFT with Acc= 0.10D-09 ICntrl=  400011 IRadAn=       4.
 Ex=          -5.898474843819 Ec=          -0.592107234105
 1/2 <PJ(P)> + E(ex) + E(corr)=          26.507730821614
 E= -40.0895475182480     Delta-E=       -0.000000000005 Rises=F Damp=F
 DIIS: error= 1.60D-08 at cycle   5 NSaved=   5.
 NSaved= 5 IEnMin= 5 EnMin= -40.0895475182480     IErMin= 5 ErrMin= 1.60D-08
 ErrMax= 1.60D-08 EMaxC= 1.00D-01 BMatC= 4.67D-15 BMatP= 3.82D-12
 IDIUse=1 WtCom= 1.00D+00 WtEn= 0.00D+00
 Coeff-Com: -0.797D-04 0.158D-02 0.287D-02 0.400D-01 0.956D+00
 Coeff:     -0.797D-04 0.158D-02 0.287D-02 0.400D-01 0.956D+00
 Gap=     0.404 Goal=   None    Shift=    0.000
 RMSDP=1.87D-09 MaxDP=1.57D-08 DE=-4.79D-12 OVMax= 2.32D-08

 SCF Done:  E(RS-P81) =  -40.0895475182     A.U. after   10 cycles
             Convg  =    0.1873D-08             -V/T =  1.9998
 KE= 4.009902140013D+01 PE=-1.203828182917D+02 EE= 2.650773082161D+01
 Leave Link  502 at Fri Dec 27 22:06:45 2019, MaxMem=   33554432 cpu:       0.0
 (Enter E:\g09w\l601.exe)
 Copying SCF densities to generalized density rwf, IOpCl= 0 IROHF=0.

 **********************************************************************

            Population analysis using the SCF density.

 **********************************************************************

 Orbital symmetries:
       Occupied  (A) (A) (T) (T) (T)
       Virtual   (A) (T) (T) (T) (T) (T) (T) (T) (T) (T) (A) (E)
                 (E) (A) (T) (T) (T) (T) (T) (T) (T) (T) (T) (E)
                 (E) (A) (T) (T) (T)
 The electronic state is 1-A.
 Alpha  occ. eigenvalues --   -9.75141  -0.62420  -0.34433  -0.34433  -0.34433
 Alpha virt. eigenvalues --    0.05972   0.12551   0.12551   0.12551   0.37843
 Alpha virt. eigenvalues --    0.37843   0.37843   0.61995   0.61995   0.61995
 Alpha virt. eigenvalues --    0.67218   0.84771   0.84771   0.99737   1.37569
 Alpha virt. eigenvalues --    1.37569   1.37569   1.57839   1.57839   1.57839
 Alpha virt. eigenvalues --    1.88073   1.88073   1.88073   2.21010   2.21010
 Alpha virt. eigenvalues --    2.41304   2.41404   2.41404   2.41404
          Condensed to atoms (all electrons):
              1          2          3          4          5
     1  C    4.628864   0.410762   0.410762   0.410762   0.410762
     2  H    0.410762   0.584136  -0.020959  -0.020959  -0.020959
     3  H    0.410762  -0.020959   0.584136  -0.020959  -0.020959
     4  H    0.410762  -0.020959  -0.020959   0.584136  -0.020959
     5  H    0.410762  -0.020959  -0.020959  -0.020959   0.584136
 Mulliken atomic charges:
              1
     1  C   -0.271912
     2  H    0.067978
     3  H    0.067978
     4  H    0.067978
     5  H    0.067978
 Sum of Mulliken atomic charges =   0.00000
 Mulliken charges with hydrogens summed into heavy atoms:
              1
     1  C    0.000000
 Sum of Mulliken charges with hydrogens summed into heavy atoms =   0.00000
 Electronic spatial extent (au):  <R**2>=             34.8525
 Charge=              0.0000 electrons
 Dipole moment (field-independent basis, Debye):
    X=              0.0000    Y=              0.0000    Z=              0.0000  Tot=              0.0000
 Quadrupole moment (field-independent basis, Debye-Ang):
   XX=             -8.2937   YY=             -8.2937   ZZ=             -8.2937
   XY=              0.0000   XZ=              0.0000   YZ=              0.0000
 Traceless Quadrupole moment (field-independent basis, Debye-Ang):
   XX=              0.0000   YY=              0.0000   ZZ=              0.0000
   XY=              0.0000   XZ=              0.0000   YZ=              0.0000
 Octapole moment (field-independent basis, Debye-Ang**2):
  XXX=              0.0000  YYY=              0.0000  ZZZ=              0.0000  XYY=              0.0000
  XXY=              0.0000  XXZ=              0.0000  XZZ=              0.0000  YZZ=              0.0000
  YYZ=              0.0000  XYZ=              0.6428
 Hexadecapole moment (field-independent basis, Debye-Ang**3):
 XXXX=            -15.9063 YYYY=            -15.9063 ZZZZ=            -15.9063 XXXY=              0.0000
 XXXZ=              0.0000 YYYX=              0.0000 YYYZ=              0.0000 ZZZX=              0.0000
 ZZZY=              0.0000 XXYY=             -4.8436 XXZZ=             -4.8436 YYZZ=             -4.8436
 XXYZ=              0.0000 YYXZ=              0.0000 ZZXY=              0.0000
 N-N= 1.368651855168D+01 E-N=-1.203828178952D+02  KE= 4.009902140013D+01
 Symmetry A    KE= 3.434039992247D+01
 Symmetry B1   KE= 1.919540492554D+00
 Symmetry B2   KE= 1.919540492554D+00
 Symmetry B3   KE= 1.919540492554D+00
 No NMR shielding tensors so no spin-rotation constants.
 Leave Link  601 at Fri Dec 27 22:06:46 2019, MaxMem=   33554432 cpu:       0.0
 (Enter E:\g09w\l9999.exe)

 Test job not archived.
 1|1|UNPC-XINGXUHAI|SP|RSP81|CC-pVDZ|C1H4|ENIGM|27-Dec-2019|0||#p geom=
 connectivity output=wfn cc-pVDZ sPL IOp(5/33=1)||CH4-KSDFT-cc-pVDZ||0,
 1|C,0,-0.49780383,0.30014641,0.|H,0,-0.1411494,-0.70866359,0.|H,0,-0.1
 4113099,0.8045446,0.8736515|H,0,-0.14113099,0.8045446,-0.8736515|H,0,-
 1.56780383,0.30015959,0.||Version=IA32W-G09RevA.02|State=1-A|HF=-40.08
 95475|RMSD=1.873e-009|Dipole=0.,0.,0.|Quadrupole=0.,0.,0.,0.,0.,0.|PG=
 T [O(C1),4C3(H1)]||@

 Writing a WFN file to  .
